mode: set
coderaiser/indra/internal/lint/rules/assertcount.go:13.37,15.2 1 0
coderaiser/indra/internal/lint/rules/assertcount.go:20.17,23.42 2 0
coderaiser/indra/internal/lint/rules/assertcount.go:23.42,25.10 2 0
coderaiser/indra/internal/lint/rules/assertcount.go:25.10,27.4 1 0
coderaiser/indra/internal/lint/rules/assertcount.go:29.3,30.31 1 0
coderaiser/indra/internal/lint/rules/assertcount.go:30.31,32.4 1 0
coderaiser/indra/internal/lint/rules/assertcount.go:34.3,36.46 2 0
coderaiser/indra/internal/lint/rules/assertcount.go:36.46,38.11 2 0
coderaiser/indra/internal/lint/rules/assertcount.go:38.11,40.5 1 0
coderaiser/indra/internal/lint/rules/assertcount.go:42.4,43.11 2 0
coderaiser/indra/internal/lint/rules/assertcount.go:43.11,45.5 1 0
coderaiser/indra/internal/lint/rules/assertcount.go:47.4,48.11 2 0
coderaiser/indra/internal/lint/rules/assertcount.go:48.11,50.5 1 0
coderaiser/indra/internal/lint/rules/assertcount.go:52.4,52.28 1 0
coderaiser/indra/internal/lint/rules/assertcount.go:52.28,54.5 1 0
coderaiser/indra/internal/lint/rules/assertcount.go:56.4,56.15 1 0
coderaiser/indra/internal/lint/rules/assertcount.go:59.3,59.26 1 0
coderaiser/indra/internal/lint/rules/assertcount.go:59.26,67.4 1 0
coderaiser/indra/internal/lint/rules/assertcount.go:69.3,69.14 1 0
coderaiser/indra/internal/lint/rules/assertcount.go:72.2,72.16 1 0
coderaiser/indra/internal/lint/rules/no-equial-slice.go:14.38,16.2 1 0
coderaiser/indra/internal/lint/rules/no-equial-slice.go:21.17,24.42 2 0
coderaiser/indra/internal/lint/rules/no-equial-slice.go:24.42,26.10 2 0
coderaiser/indra/internal/lint/rules/no-equial-slice.go:26.10,28.4 1 0
coderaiser/indra/internal/lint/rules/no-equial-slice.go:30.3,31.10 2 0
coderaiser/indra/internal/lint/rules/no-equial-slice.go:31.10,33.4 1 0
coderaiser/indra/internal/lint/rules/no-equial-slice.go:35.3,35.30 1 0
coderaiser/indra/internal/lint/rules/no-equial-slice.go:35.30,37.4 1 0
coderaiser/indra/internal/lint/rules/no-equial-slice.go:39.3,39.33 1 0
coderaiser/indra/internal/lint/rules/no-equial-slice.go:39.33,40.20 1 0
coderaiser/indra/internal/lint/rules/no-equial-slice.go:40.20,45.10 2 0
coderaiser/indra/internal/lint/rules/no-equial-slice.go:49.3,49.14 1 0
coderaiser/indra/internal/lint/rules/no-equial-slice.go:52.2,52.16 1 0
coderaiser/indra/internal/lint/rules/no-equial-slice.go:59.8,62.42 2 0
coderaiser/indra/internal/lint/rules/no-equial-slice.go:62.42,64.10 2 0
coderaiser/indra/internal/lint/rules/no-equial-slice.go:64.10,66.4 1 0
coderaiser/indra/internal/lint/rules/no-equial-slice.go:68.3,69.10 2 0
coderaiser/indra/internal/lint/rules/no-equial-slice.go:69.10,71.4 1 0
coderaiser/indra/internal/lint/rules/no-equial-slice.go:73.3,73.30 1 0
coderaiser/indra/internal/lint/rules/no-equial-slice.go:73.30,75.4 1 0
coderaiser/indra/internal/lint/rules/no-equial-slice.go:77.3,77.33 1 0
coderaiser/indra/internal/lint/rules/no-equial-slice.go:77.33,78.20 1 0
coderaiser/indra/internal/lint/rules/no-equial-slice.go:78.20,81.10 3 0
coderaiser/indra/internal/lint/rules/no-equial-slice.go:85.3,85.14 1 0
coderaiser/indra/internal/lint/rules/no-equial-slice.go:88.2,88.17 1 0
coderaiser/indra/internal/lint/rules/no-equial-slice.go:91.34,92.26 1 0
coderaiser/indra/internal/lint/rules/no-equial-slice.go:93.25,95.12 2 0
coderaiser/indra/internal/lint/rules/no-equial-slice.go:96.21,98.42 1 0
coderaiser/indra/internal/lint/rules/no-equial-slice.go:98.42,100.4 1 0
coderaiser/indra/internal/lint/rules/no-equial-slice.go:102.2,102.14 1 0
coderaiser/indra/internal/lint/rules/no-equial-slice.go:105.38,106.26 1 0
coderaiser/indra/internal/lint/rules/no-equial-slice.go:107.25,108.44 1 0
coderaiser/indra/internal/lint/rules/no-equial-slice.go:108.44,110.4 1 0
coderaiser/indra/internal/lint/rules/no-equial-slice.go:111.21,112.43 1 0
coderaiser/indra/internal/lint/rules/no-equial-slice.go:112.43,114.4 1 0
coderaiser/indra/internal/lint/rules/no-equial-slice.go:116.2,116.16 1 0
coderaiser/indra/internal/lint/rules/no-equial-slice.go:119.39,120.26 1 0
coderaiser/indra/internal/lint/rules/no-equial-slice.go:121.18,122.16 1 0
coderaiser/indra/internal/lint/rules/no-equial-slice.go:123.25,124.38 1 0
coderaiser/indra/internal/lint/rules/no-equial-slice.go:124.38,126.4 1 0
coderaiser/indra/internal/lint/rules/no-equial-slice.go:128.2,128.18 1 0
coderaiser/indra/internal/lint/rules/no-skip.go:12.32,14.2 1 0
coderaiser/indra/internal/lint/rules/no-skip.go:19.17,23.42 2 0
coderaiser/indra/internal/lint/rules/no-skip.go:23.42,25.10 2 0
coderaiser/indra/internal/lint/rules/no-skip.go:25.10,27.4 1 0
coderaiser/indra/internal/lint/rules/no-skip.go:29.3,30.10 2 0
coderaiser/indra/internal/lint/rules/no-skip.go:30.10,32.4 1 0
coderaiser/indra/internal/lint/rules/no-skip.go:34.3,34.29 1 0
coderaiser/indra/internal/lint/rules/no-skip.go:34.29,39.4 1 0
coderaiser/indra/internal/lint/rules/no-skip.go:41.3,41.14 1 0
coderaiser/indra/internal/lint/rules/no-skip.go:44.2,44.16 1 0
coderaiser/indra/internal/lint/rules/remove-unused-import.go:15.44,17.2 1 1
coderaiser/indra/internal/lint/rules/remove-unused-import.go:19.87,25.30 4 1
coderaiser/indra/internal/lint/rules/remove-unused-import.go:25.30,26.27 1 1
coderaiser/indra/internal/lint/rules/remove-unused-import.go:26.27,27.12 1 1
coderaiser/indra/internal/lint/rules/remove-unused-import.go:29.3,29.31 1 1
coderaiser/indra/internal/lint/rules/remove-unused-import.go:29.31,34.4 1 1
coderaiser/indra/internal/lint/rules/remove-unused-import.go:37.2,37.16 1 1
coderaiser/indra/internal/lint/rules/remove-unused-import.go:40.76,46.30 4 1
coderaiser/indra/internal/lint/rules/remove-unused-import.go:46.30,47.27 1 1
coderaiser/indra/internal/lint/rules/remove-unused-import.go:47.27,48.12 1 0
coderaiser/indra/internal/lint/rules/remove-unused-import.go:50.3,50.31 1 1
coderaiser/indra/internal/lint/rules/remove-unused-import.go:50.31,53.4 2 1
coderaiser/indra/internal/lint/rules/remove-unused-import.go:56.2,56.17 1 1
coderaiser/indra/internal/lint/rules/remove-unused-import.go:67.50,70.34 2 1
coderaiser/indra/internal/lint/rules/remove-unused-import.go:70.34,72.41 2 1
coderaiser/indra/internal/lint/rules/remove-unused-import.go:72.41,73.12 1 1
coderaiser/indra/internal/lint/rules/remove-unused-import.go:76.3,76.38 1 1
coderaiser/indra/internal/lint/rules/remove-unused-import.go:76.38,78.11 2 1
coderaiser/indra/internal/lint/rules/remove-unused-import.go:78.11,79.13 1 0
coderaiser/indra/internal/lint/rules/remove-unused-import.go:82.4,87.30 2 1
coderaiser/indra/internal/lint/rules/remove-unused-import.go:87.30,88.36 1 1
coderaiser/indra/internal/lint/rules/remove-unused-import.go:88.36,90.6 1 1
coderaiser/indra/internal/lint/rules/remove-unused-import.go:90.11,90.43 1 1
coderaiser/indra/internal/lint/rules/remove-unused-import.go:90.43,92.6 1 1
coderaiser/indra/internal/lint/rules/remove-unused-import.go:92.11,94.6 1 1
coderaiser/indra/internal/lint/rules/remove-unused-import.go:95.10,98.5 2 1
coderaiser/indra/internal/lint/rules/remove-unused-import.go:100.4,100.35 1 1
coderaiser/indra/internal/lint/rules/remove-unused-import.go:104.2,104.16 1 1
coderaiser/indra/internal/lint/rules/remove-unused-import.go:107.52,110.42 2 1
coderaiser/indra/internal/lint/rules/remove-unused-import.go:110.42,112.40 2 1
coderaiser/indra/internal/lint/rules/remove-unused-import.go:112.40,114.4 1 1
coderaiser/indra/internal/lint/rules/remove-unused-import.go:116.3,117.10 2 1
coderaiser/indra/internal/lint/rules/remove-unused-import.go:117.10,119.4 1 1
coderaiser/indra/internal/lint/rules/remove-unused-import.go:120.3,120.45 1 1
coderaiser/indra/internal/lint/rules/remove-unused-import.go:120.45,122.4 1 0
coderaiser/indra/internal/lint/rules/remove-unused-import.go:123.3,124.14 2 1
coderaiser/indra/internal/lint/rules/remove-unused-import.go:127.2,127.13 1 1
coderaiser/indra/internal/lint/rules/remove-unused-import.go:130.55,131.34 1 1
coderaiser/indra/internal/lint/rules/remove-unused-import.go:131.34,133.41 2 1
coderaiser/indra/internal/lint/rules/remove-unused-import.go:133.41,134.12 1 0
coderaiser/indra/internal/lint/rules/remove-unused-import.go:137.3,137.38 1 1
coderaiser/indra/internal/lint/rules/remove-unused-import.go:137.38,138.24 1 1
coderaiser/indra/internal/lint/rules/remove-unused-import.go:138.24,140.32 2 1
coderaiser/indra/internal/lint/rules/remove-unused-import.go:140.32,142.6 1 1
coderaiser/indra/internal/lint/rules/remove-unused-import.go:143.5,143.11 1 1
coderaiser/indra/internal/lint/rules/require-t-end.go:13.37,15.2 1 0
coderaiser/indra/internal/lint/rules/require-t-end.go:20.17,23.42 2 0
coderaiser/indra/internal/lint/rules/require-t-end.go:23.42,25.10 2 0
coderaiser/indra/internal/lint/rules/require-t-end.go:25.10,27.4 1 0
coderaiser/indra/internal/lint/rules/require-t-end.go:30.3,31.10 2 0
coderaiser/indra/internal/lint/rules/require-t-end.go:31.10,33.4 1 0
coderaiser/indra/internal/lint/rules/require-t-end.go:35.3,36.10 2 0
coderaiser/indra/internal/lint/rules/require-t-end.go:36.10,38.4 1 0
coderaiser/indra/internal/lint/rules/require-t-end.go:40.3,40.25 1 0
coderaiser/indra/internal/lint/rules/require-t-end.go:40.25,42.4 1 0
coderaiser/indra/internal/lint/rules/require-t-end.go:44.3,44.55 1 0
coderaiser/indra/internal/lint/rules/require-t-end.go:44.55,46.4 1 0
coderaiser/indra/internal/lint/rules/require-t-end.go:49.3,49.25 1 0
coderaiser/indra/internal/lint/rules/require-t-end.go:49.25,51.4 1 0
coderaiser/indra/internal/lint/rules/require-t-end.go:53.3,54.10 2 0
coderaiser/indra/internal/lint/rules/require-t-end.go:54.10,56.4 1 0
coderaiser/indra/internal/lint/rules/require-t-end.go:58.3,58.23 1 0
coderaiser/indra/internal/lint/rules/require-t-end.go:58.23,63.4 1 0
coderaiser/indra/internal/lint/rules/require-t-end.go:65.3,65.14 1 0
coderaiser/indra/internal/lint/rules/require-t-end.go:68.2,68.16 1 0
coderaiser/indra/internal/lint/rules/require-t-end.go:75.8,78.42 2 0
coderaiser/indra/internal/lint/rules/require-t-end.go:78.42,80.10 2 0
coderaiser/indra/internal/lint/rules/require-t-end.go:80.10,82.4 1 0
coderaiser/indra/internal/lint/rules/require-t-end.go:84.3,85.10 2 0
coderaiser/indra/internal/lint/rules/require-t-end.go:85.10,87.4 1 0
coderaiser/indra/internal/lint/rules/require-t-end.go:89.3,90.10 2 0
coderaiser/indra/internal/lint/rules/require-t-end.go:90.10,92.4 1 0
coderaiser/indra/internal/lint/rules/require-t-end.go:94.3,94.25 1 0
coderaiser/indra/internal/lint/rules/require-t-end.go:94.25,96.4 1 0
coderaiser/indra/internal/lint/rules/require-t-end.go:98.3,98.55 1 0
coderaiser/indra/internal/lint/rules/require-t-end.go:98.55,100.4 1 0
coderaiser/indra/internal/lint/rules/require-t-end.go:102.3,102.25 1 0
coderaiser/indra/internal/lint/rules/require-t-end.go:102.25,104.4 1 0
coderaiser/indra/internal/lint/rules/require-t-end.go:106.3,107.10 2 0
coderaiser/indra/internal/lint/rules/require-t-end.go:107.10,109.4 1 0
coderaiser/indra/internal/lint/rules/require-t-end.go:111.3,111.22 1 0
coderaiser/indra/internal/lint/rules/require-t-end.go:111.22,113.4 1 0
coderaiser/indra/internal/lint/rules/require-t-end.go:116.3,128.14 4 0
coderaiser/indra/internal/lint/rules/require-t-end.go:131.2,131.17 1 0
coderaiser/indra/internal/lint/rules/require-t-end.go:134.39,137.42 2 0
coderaiser/indra/internal/lint/rules/require-t-end.go:137.42,138.12 1 0
coderaiser/indra/internal/lint/rules/require-t-end.go:138.12,140.4 1 0
coderaiser/indra/internal/lint/rules/require-t-end.go:142.3,143.10 2 0
coderaiser/indra/internal/lint/rules/require-t-end.go:143.10,145.4 1 0
coderaiser/indra/internal/lint/rules/require-t-end.go:147.3,148.10 2 0
coderaiser/indra/internal/lint/rules/require-t-end.go:148.10,150.4 1 0
coderaiser/indra/internal/lint/rules/require-t-end.go:152.3,152.28 1 0
coderaiser/indra/internal/lint/rules/require-t-end.go:152.28,154.4 1 0
coderaiser/indra/internal/lint/rules/require-t-end.go:156.3,156.14 1 0
coderaiser/indra/internal/lint/rules/require-t-end.go:159.2,159.14 1 0
